// Jest Snapshot v1, https://goo.gl/fbAQLP

exports[`List Albums Albums List renderer empty 1`] = `
<div
  className="sc-VigVT eejlHa"
/>
`;

exports[`List Albums Albums List renderer with data 1`] = `
<div
  className="sc-VigVT eejlHa"
>
  <div
    className="sc-gzVnrw eVrGYh"
  >
    <div
      className="sc-htoDjs hscZmE"
      onClick={[Function]}
    />
    <div
      className="sc-gZMcBi fuJoju"
    >
      <div
        className="sc-iwsKbI khvyYm"
      >
        <h3
          className="sc-dnqmqq gogqhM"
        >
          Test 1
        </h3>
        <div
          className="sc-bwzfXH gICfuL"
        >
          <svg
            className="sc-bdVaJa dUXLKb"
            onClick={[Function]}
            viewBox="0 0 24 24"
            xmlns="http://www.w3.org/2000/svg"
          >
            <path
              d="M12 21.35l-1.45-1.32c-5.15-4.67-8.55-7.75-8.55-11.53 0-3.08 2.42-5.5 5.5-5.5 1.74 0 3.41.81 4.5 2.09 1.09-1.28 2.76-2.09 4.5-2.09 3.08 0 5.5 2.42 5.5 5.5 0 3.78-3.4 6.86-8.55 11.54l-1.45 1.31z"
            />
          </svg>
        </div>
      </div>
      <p>
        Various artists
      </p>
      <span
        className="sc-gqjmRU bDpeBZ"
      >
        Available
      </span>
    </div>
  </div>
  <div
    className="sc-gzVnrw eVrGYh"
  >
    <div
      className="sc-htoDjs kLTpmI"
      onClick={[Function]}
    />
    <div
      className="sc-gZMcBi fuJoju"
    >
      <div
        className="sc-iwsKbI khvyYm"
      >
        <h3
          className="sc-dnqmqq gogqhM"
        >
          Test 2
        </h3>
        <div
          className="sc-bwzfXH gICfuL"
        >
          <svg
            className="sc-bdVaJa dUXLKb"
            onClick={[Function]}
            viewBox="0 0 24 24"
            xmlns="http://www.w3.org/2000/svg"
          >
            <path
              d="M12 21.35l-1.45-1.32c-5.15-4.67-8.55-7.75-8.55-11.53 0-3.08 2.42-5.5 5.5-5.5 1.74 0 3.41.81 4.5 2.09 1.09-1.28 2.76-2.09 4.5-2.09 3.08 0 5.5 2.42 5.5 5.5 0 3.78-3.4 6.86-8.55 11.54l-1.45 1.31z"
            />
          </svg>
        </div>
      </div>
      <p>
        
      </p>
      <span
        className="sc-gqjmRU eaDRmZ"
      >
        Not Available
      </span>
    </div>
  </div>
</div>
`;
